[0.010s][info][gc] Using G1
[0.010s][info][gc,init] Version: 17.0.9+11-LTS-201 (release)
[0.010s][info][gc,init] CPUs: 6 total, 6 available
[0.010s][info][gc,init] Memory: 16319M
[0.010s][info][gc,init] Large Page Support: Disabled
[0.010s][info][gc,init] NUMA Support: Disabled
[0.010s][info][gc,init] Compressed Oops: Enabled (32-bit)
[0.011s][info][gc,init] Heap Region Size: 1M
[0.011s][info][gc,init] Heap Min Capacity: 60M
[0.011s][info][gc,init] Heap Initial Capacity: 60M
[0.011s][info][gc,init] Heap Max Capacity: 60M
[0.011s][info][gc,init] Pre-touch: Disabled
[0.011s][info][gc,init] Parallel Workers: 6
[0.011s][info][gc,init] Concurrent Workers: 2
[0.011s][info][gc,init] Concurrent Refinement Workers: 6
[0.011s][info][gc,init] Periodic GC: Disabled
[0.019s][info][gc,metaspace] CDS archive(s) mapped at: [0x000001f550000000-0x000001f550bd0000-0x000001f550bd0000), size 12386304, SharedBaseAddress: 0x000001f550000000, ArchiveRelocationMode: 1.
[0.019s][info][gc,metaspace] Compressed class space mapped at: 0x000001f551000000-0x000001f591000000, reserved size: 1073741824
[0.019s][info][gc,metaspace] Narrow klass base: 0x000001f550000000, Narrow klass shift: 0, Narrow klass range: 0x100000000
[1.334s][info][gc,start    ] GC(0) Pause Young (Normal) (G1 Evacuation Pause)
[1.334s][info][gc,task     ] GC(0) Using 2 workers of 6 for evacuation
[1.341s][info][gc,phases   ] GC(0)   Pre Evacuate Collection Set: 0.1ms
[1.341s][info][gc,phases   ] GC(0)   Merge Heap Roots: 0.1ms
[1.341s][info][gc,phases   ] GC(0)   Evacuate Collection Set: 6.3ms
[1.341s][info][gc,phases   ] GC(0)   Post Evacuate Collection Set: 0.7ms
[1.341s][info][gc,phases   ] GC(0)   Other: 0.3ms
[1.341s][info][gc,heap     ] GC(0) Eden regions: 21->0(13)
[1.341s][info][gc,heap     ] GC(0) Survivor regions: 0->3(3)
[1.341s][info][gc,heap     ] GC(0) Old regions: 0->11
[1.341s][info][gc,heap     ] GC(0) Archive regions: 0->0
[1.341s][info][gc,heap     ] GC(0) Humongous regions: 1->1
[1.341s][info][gc,metaspace] GC(0) Metaspace: 5736K(6016K)->5736K(6016K) NonClass: 5084K(5248K)->5084K(5248K) Class: 652K(768K)->652K(768K)
[1.341s][info][gc          ] GC(0) Pause Young (Normal) (G1 Evacuation Pause) 21M->14M(60M) 7.558ms
[1.341s][info][gc,cpu      ] GC(0) User=0.00s Sys=0.00s Real=0.01s
[3.186s][info][gc,start    ] GC(1) Pause Young (Normal) (G1 Evacuation Pause)
[3.186s][info][gc,task     ] GC(1) Using 2 workers of 6 for evacuation
[3.191s][info][gc,phases   ] GC(1)   Pre Evacuate Collection Set: 0.1ms
[3.191s][info][gc,phases   ] GC(1)   Merge Heap Roots: 0.1ms
[3.191s][info][gc,phases   ] GC(1)   Evacuate Collection Set: 4.4ms
[3.191s][info][gc,phases   ] GC(1)   Post Evacuate Collection Set: 0.4ms
[3.191s][info][gc,phases   ] GC(1)   Other: 0.1ms
[3.191s][info][gc,heap     ] GC(1) Eden regions: 12->0(8)
[3.191s][info][gc,heap     ] GC(1) Survivor regions: 3->2(2)
[3.191s][info][gc,heap     ] GC(1) Old regions: 11->24
[3.191s][info][gc,heap     ] GC(1) Archive regions: 0->0
[3.191s][info][gc,heap     ] GC(1) Humongous regions: 1->1
[3.191s][info][gc,metaspace] GC(1) Metaspace: 5770K(6016K)->5770K(6016K) NonClass: 5117K(5248K)->5117K(5248K) Class: 653K(768K)->653K(768K)
[3.191s][info][gc          ] GC(1) Pause Young (Normal) (G1 Evacuation Pause) 26M->26M(60M) 5.135ms
[3.191s][info][gc,cpu      ] GC(1) User=0.00s Sys=0.00s Real=0.01s
[4.429s][info][gc,start    ] GC(2) Pause Young (Normal) (G1 Evacuation Pause)
[4.429s][info][gc,task     ] GC(2) Using 2 workers of 6 for evacuation
[4.431s][info][gc,phases   ] GC(2)   Pre Evacuate Collection Set: 0.1ms
[4.431s][info][gc,phases   ] GC(2)   Merge Heap Roots: 0.1ms
[4.431s][info][gc,phases   ] GC(2)   Evacuate Collection Set: 2.1ms
[4.431s][info][gc,phases   ] GC(2)   Post Evacuate Collection Set: 0.3ms
[4.431s][info][gc,phases   ] GC(2)   Other: 0.1ms
[4.431s][info][gc,heap     ] GC(2) Eden regions: 8->0(5)
[4.431s][info][gc,heap     ] GC(2) Survivor regions: 2->2(2)
[4.431s][info][gc,heap     ] GC(2) Old regions: 24->32
[4.431s][info][gc,heap     ] GC(2) Archive regions: 0->0
[4.431s][info][gc,heap     ] GC(2) Humongous regions: 1->1
[4.431s][info][gc,metaspace] GC(2) Metaspace: 5780K(6016K)->5780K(6016K) NonClass: 5126K(5248K)->5126K(5248K) Class: 653K(768K)->653K(768K)
[4.432s][info][gc          ] GC(2) Pause Young (Normal) (G1 Evacuation Pause) 34M->34M(60M) 2.789ms
[4.432s][info][gc,cpu      ] GC(2) User=0.00s Sys=0.00s Real=0.00s
[5.077s][info][gc,start    ] GC(3) Pause Young (Concurrent Start) (G1 Evacuation Pause)
[5.077s][info][gc,task     ] GC(3) Using 2 workers of 6 for evacuation
[5.078s][info][gc,phases   ] GC(3)   Pre Evacuate Collection Set: 0.1ms
[5.079s][info][gc,phases   ] GC(3)   Merge Heap Roots: 0.1ms
[5.079s][info][gc,phases   ] GC(3)   Evacuate Collection Set: 1.1ms
[5.079s][info][gc,phases   ] GC(3)   Post Evacuate Collection Set: 0.2ms
[5.079s][info][gc,phases   ] GC(3)   Other: 0.1ms
[5.079s][info][gc,heap     ] GC(3) Eden regions: 5->0(3)
[5.079s][info][gc,heap     ] GC(3) Survivor regions: 2->1(1)
[5.079s][info][gc,heap     ] GC(3) Old regions: 32->38
[5.079s][info][gc,heap     ] GC(3) Archive regions: 0->0
[5.079s][info][gc,heap     ] GC(3) Humongous regions: 1->1
[5.079s][info][gc,metaspace] GC(3) Metaspace: 5791K(6016K)->5791K(6016K) NonClass: 5138K(5248K)->5138K(5248K) Class: 653K(768K)->653K(768K)
[5.079s][info][gc          ] GC(3) Pause Young (Concurrent Start) (G1 Evacuation Pause) 39M->39M(60M) 1.743ms
[5.079s][info][gc,cpu      ] GC(3) User=0.00s Sys=0.00s Real=0.00s
[5.079s][info][gc          ] GC(4) Concurrent Mark Cycle
[5.079s][info][gc,marking  ] GC(4) Concurrent Clear Claimed Marks
[5.079s][info][gc,marking  ] GC(4) Concurrent Clear Claimed Marks 0.013ms
[5.079s][info][gc,marking  ] GC(4) Concurrent Scan Root Regions
[5.079s][info][gc,marking  ] GC(4) Concurrent Scan Root Regions 0.238ms
[5.079s][info][gc,marking  ] GC(4) Concurrent Mark
[5.079s][info][gc,marking  ] GC(4) Concurrent Mark From Roots
[5.079s][info][gc,task     ] GC(4) Using 2 workers of 2 for marking
[5.081s][info][gc,marking  ] GC(4) Concurrent Mark From Roots 2.301ms
[5.081s][info][gc,marking  ] GC(4) Concurrent Preclean
[5.081s][info][gc,marking  ] GC(4) Concurrent Preclean 0.054ms
[5.081s][info][gc,start    ] GC(4) Pause Remark
[5.082s][info][gc          ] GC(4) Pause Remark 39M->39M(60M) 0.705ms
[5.082s][info][gc,cpu      ] GC(4) User=0.00s Sys=0.00s Real=0.00s
[5.082s][info][gc,marking  ] GC(4) Concurrent Mark 3.219ms
[5.082s][info][gc,marking  ] GC(4) Concurrent Rebuild Remembered Sets
[5.083s][info][gc,marking  ] GC(4) Concurrent Rebuild Remembered Sets 1.127ms
[5.083s][info][gc,start    ] GC(4) Pause Cleanup
[5.083s][info][gc          ] GC(4) Pause Cleanup 39M->39M(60M) 0.062ms
[5.084s][info][gc,cpu      ] GC(4) User=0.00s Sys=0.00s Real=0.00s
[5.084s][info][gc,marking  ] GC(4) Concurrent Cleanup for Next Mark
[5.084s][info][gc,marking  ] GC(4) Concurrent Cleanup for Next Mark 0.385ms
[5.084s][info][gc          ] GC(4) Concurrent Mark Cycle 5.332ms
[5.382s][info][gc,start    ] GC(5) Pause Young (Normal) (G1 Evacuation Pause)
[5.382s][info][gc,task     ] GC(5) Using 2 workers of 6 for evacuation
[5.383s][info][gc,phases   ] GC(5)   Pre Evacuate Collection Set: 0.1ms
[5.383s][info][gc,phases   ] GC(5)   Merge Heap Roots: 0.1ms
[5.383s][info][gc,phases   ] GC(5)   Evacuate Collection Set: 0.5ms
[5.383s][info][gc,phases   ] GC(5)   Post Evacuate Collection Set: 0.3ms
[5.383s][info][gc,phases   ] GC(5)   Other: 0.1ms
[5.383s][info][gc,heap     ] GC(5) Eden regions: 3->0(2)
[5.383s][info][gc,heap     ] GC(5) Survivor regions: 1->1(1)
[5.383s][info][gc,heap     ] GC(5) Old regions: 38->41
[5.383s][info][gc,heap     ] GC(5) Archive regions: 0->0
[5.383s][info][gc,heap     ] GC(5) Humongous regions: 1->1
[5.383s][info][gc,metaspace] GC(5) Metaspace: 5791K(6016K)->5791K(6016K) NonClass: 5138K(5248K)->5138K(5248K) Class: 653K(768K)->653K(768K)
[5.383s][info][gc          ] GC(5) Pause Young (Normal) (G1 Evacuation Pause) 42M->42M(60M) 1.185ms
[5.383s][info][gc,cpu      ] GC(5) User=0.00s Sys=0.00s Real=0.00s
[5.590s][info][gc,start    ] GC(6) Pause Young (Concurrent Start) (G1 Evacuation Pause)
[5.590s][info][gc,task     ] GC(6) Using 2 workers of 6 for evacuation
[5.591s][info][gc,phases   ] GC(6)   Pre Evacuate Collection Set: 0.1ms
[5.591s][info][gc,phases   ] GC(6)   Merge Heap Roots: 0.0ms
[5.591s][info][gc,phases   ] GC(6)   Evacuate Collection Set: 0.4ms
[5.591s][info][gc,phases   ] GC(6)   Post Evacuate Collection Set: 0.1ms
[5.591s][info][gc,phases   ] GC(6)   Other: 0.1ms
[5.591s][info][gc,heap     ] GC(6) Eden regions: 2->0(2)
[5.591s][info][gc,heap     ] GC(6) Survivor regions: 1->1(1)
[5.591s][info][gc,heap     ] GC(6) Old regions: 41->43
[5.591s][info][gc,heap     ] GC(6) Archive regions: 0->0
[5.591s][info][gc,heap     ] GC(6) Humongous regions: 1->1
[5.591s][info][gc,metaspace] GC(6) Metaspace: 5791K(6016K)->5791K(6016K) NonClass: 5138K(5248K)->5138K(5248K) Class: 653K(768K)->653K(768K)
[5.591s][info][gc          ] GC(6) Pause Young (Concurrent Start) (G1 Evacuation Pause) 44M->44M(60M) 0.879ms
[5.591s][info][gc,cpu      ] GC(6) User=0.00s Sys=0.00s Real=0.00s
[5.591s][info][gc          ] GC(7) Concurrent Mark Cycle
[5.591s][info][gc,marking  ] GC(7) Concurrent Clear Claimed Marks
[5.591s][info][gc,marking  ] GC(7) Concurrent Clear Claimed Marks 0.011ms
[5.591s][info][gc,marking  ] GC(7) Concurrent Scan Root Regions
[5.591s][info][gc,marking  ] GC(7) Concurrent Scan Root Regions 0.070ms
[5.591s][info][gc,marking  ] GC(7) Concurrent Mark
[5.591s][info][gc,marking  ] GC(7) Concurrent Mark From Roots
[5.591s][info][gc,task     ] GC(7) Using 2 workers of 2 for marking
[5.593s][info][gc,marking  ] GC(7) Concurrent Mark From Roots 2.293ms
[5.593s][info][gc,marking  ] GC(7) Concurrent Preclean
[5.593s][info][gc,marking  ] GC(7) Concurrent Preclean 0.058ms
[5.593s][info][gc,start    ] GC(7) Pause Remark
[5.594s][info][gc          ] GC(7) Pause Remark 44M->44M(60M) 0.679ms
[5.594s][info][gc,cpu      ] GC(7) User=0.00s Sys=0.00s Real=0.00s
[5.594s][info][gc,marking  ] GC(7) Concurrent Mark 3.172ms
[5.594s][info][gc,marking  ] GC(7) Concurrent Rebuild Remembered Sets
[5.595s][info][gc,marking  ] GC(7) Concurrent Rebuild Remembered Sets 1.067ms
[5.595s][info][gc,start    ] GC(7) Pause Cleanup
[5.595s][info][gc          ] GC(7) Pause Cleanup 44M->44M(60M) 0.054ms
[5.595s][info][gc,cpu      ] GC(7) User=0.00s Sys=0.00s Real=0.00s
[5.595s][info][gc,marking  ] GC(7) Concurrent Cleanup for Next Mark
[5.595s][info][gc,marking  ] GC(7) Concurrent Cleanup for Next Mark 0.163ms
[5.595s][info][gc          ] GC(7) Concurrent Mark Cycle 4.683ms
[5.789s][info][gc,start    ] GC(8) Pause Young (Normal) (G1 Evacuation Pause)
[5.789s][info][gc,task     ] GC(8) Using 2 workers of 6 for evacuation
[5.790s][info][gc,phases   ] GC(8)   Pre Evacuate Collection Set: 0.1ms
[5.790s][info][gc,phases   ] GC(8)   Merge Heap Roots: 0.1ms
[5.790s][info][gc,phases   ] GC(8)   Evacuate Collection Set: 0.5ms
[5.790s][info][gc,phases   ] GC(8)   Post Evacuate Collection Set: 0.3ms
[5.790s][info][gc,phases   ] GC(8)   Other: 0.1ms
[5.790s][info][gc,heap     ] GC(8) Eden regions: 2->0(2)
[5.790s][info][gc,heap     ] GC(8) Survivor regions: 1->1(1)
[5.790s][info][gc,heap     ] GC(8) Old regions: 43->45
[5.790s][info][gc,heap     ] GC(8) Archive regions: 0->0
[5.790s][info][gc,heap     ] GC(8) Humongous regions: 1->1
[5.790s][info][gc,metaspace] GC(8) Metaspace: 5791K(6016K)->5791K(6016K) NonClass: 5138K(5248K)->5138K(5248K) Class: 653K(768K)->653K(768K)
[5.790s][info][gc          ] GC(8) Pause Young (Normal) (G1 Evacuation Pause) 46M->46M(60M) 1.120ms
[5.790s][info][gc,cpu      ] GC(8) User=0.00s Sys=0.00s Real=0.00s
[6.051s][info][gc,start    ] GC(9) Pause Young (Concurrent Start) (G1 Evacuation Pause)
[6.051s][info][gc,task     ] GC(9) Using 2 workers of 6 for evacuation
[6.052s][info][gc,phases   ] GC(9)   Pre Evacuate Collection Set: 0.0ms
[6.052s][info][gc,phases   ] GC(9)   Merge Heap Roots: 0.0ms
[6.052s][info][gc,phases   ] GC(9)   Evacuate Collection Set: 0.4ms
[6.052s][info][gc,phases   ] GC(9)   Post Evacuate Collection Set: 0.3ms
[6.052s][info][gc,phases   ] GC(9)   Other: 0.1ms
[6.052s][info][gc,heap     ] GC(9) Eden regions: 2->0(2)
[6.052s][info][gc,heap     ] GC(9) Survivor regions: 1->1(1)
[6.052s][info][gc,heap     ] GC(9) Old regions: 45->47
[6.052s][info][gc,heap     ] GC(9) Archive regions: 0->0
[6.052s][info][gc,heap     ] GC(9) Humongous regions: 1->1
[6.052s][info][gc,metaspace] GC(9) Metaspace: 5793K(6016K)->5793K(6016K) NonClass: 5139K(5248K)->5139K(5248K) Class: 654K(768K)->654K(768K)
[6.052s][info][gc          ] GC(9) Pause Young (Concurrent Start) (G1 Evacuation Pause) 48M->48M(60M) 0.957ms
[6.052s][info][gc,cpu      ] GC(9) User=0.00s Sys=0.00s Real=0.00s
[6.052s][info][gc          ] GC(10) Concurrent Mark Cycle
[6.052s][info][gc,marking  ] GC(10) Concurrent Clear Claimed Marks
[6.052s][info][gc,marking  ] GC(10) Concurrent Clear Claimed Marks 0.014ms
[6.052s][info][gc,marking  ] GC(10) Concurrent Scan Root Regions
[6.052s][info][gc,marking  ] GC(10) Concurrent Scan Root Regions 0.081ms
[6.052s][info][gc,marking  ] GC(10) Concurrent Mark
[6.052s][info][gc,marking  ] GC(10) Concurrent Mark From Roots
[6.052s][info][gc,task     ] GC(10) Using 2 workers of 2 for marking
[6.055s][info][gc,marking  ] GC(10) Concurrent Mark From Roots 2.468ms
[6.055s][info][gc,marking  ] GC(10) Concurrent Preclean
[6.055s][info][gc,marking  ] GC(10) Concurrent Preclean 0.063ms
[6.055s][info][gc,start    ] GC(10) Pause Remark
[6.056s][info][gc          ] GC(10) Pause Remark 48M->48M(60M) 0.824ms
[6.056s][info][gc,cpu      ] GC(10) User=0.00s Sys=0.00s Real=0.00s
[6.056s][info][gc,marking  ] GC(10) Concurrent Mark 3.601ms
[6.056s][info][gc,marking  ] GC(10) Concurrent Rebuild Remembered Sets
[6.057s][info][gc,marking  ] GC(10) Concurrent Rebuild Remembered Sets 1.095ms
[6.057s][info][gc,start    ] GC(10) Pause Cleanup
[6.057s][info][gc          ] GC(10) Pause Cleanup 48M->48M(60M) 0.118ms
[6.057s][info][gc,cpu      ] GC(10) User=0.00s Sys=0.00s Real=0.00s
[6.057s][info][gc,marking  ] GC(10) Concurrent Cleanup for Next Mark
[6.057s][info][gc,marking  ] GC(10) Concurrent Cleanup for Next Mark 0.128ms
[6.057s][info][gc          ] GC(10) Concurrent Mark Cycle 5.362ms
[6.345s][info][gc,start    ] GC(11) Pause Young (Normal) (G1 Evacuation Pause)
[6.345s][info][gc,task     ] GC(11) Using 2 workers of 6 for evacuation
[6.346s][info][gc,phases   ] GC(11)   Pre Evacuate Collection Set: 0.1ms
[6.346s][info][gc,phases   ] GC(11)   Merge Heap Roots: 0.1ms
[6.346s][info][gc,phases   ] GC(11)   Evacuate Collection Set: 0.4ms
[6.346s][info][gc,phases   ] GC(11)   Post Evacuate Collection Set: 0.3ms
[6.346s][info][gc,phases   ] GC(11)   Other: 0.1ms
[6.346s][info][gc,heap     ] GC(11) Eden regions: 2->0(2)
[6.346s][info][gc,heap     ] GC(11) Survivor regions: 1->1(1)
[6.346s][info][gc,heap     ] GC(11) Old regions: 47->49
[6.346s][info][gc,heap     ] GC(11) Archive regions: 0->0
[6.346s][info][gc,heap     ] GC(11) Humongous regions: 1->1
[6.346s][info][gc,metaspace] GC(11) Metaspace: 5793K(6016K)->5793K(6016K) NonClass: 5139K(5248K)->5139K(5248K) Class: 654K(768K)->654K(768K)
[6.346s][info][gc          ] GC(11) Pause Young (Normal) (G1 Evacuation Pause) 50M->50M(60M) 0.975ms
[6.346s][info][gc,cpu      ] GC(11) User=0.00s Sys=0.00s Real=0.00s
[6.639s][info][gc,start    ] GC(12) Pause Young (Concurrent Start) (G1 Evacuation Pause)
[6.639s][info][gc,task     ] GC(12) Using 2 workers of 6 for evacuation
[6.640s][info][gc,phases   ] GC(12)   Pre Evacuate Collection Set: 0.1ms
[6.640s][info][gc,phases   ] GC(12)   Merge Heap Roots: 0.1ms
[6.640s][info][gc,phases   ] GC(12)   Evacuate Collection Set: 0.4ms
[6.640s][info][gc,phases   ] GC(12)   Post Evacuate Collection Set: 0.3ms
[6.640s][info][gc,phases   ] GC(12)   Other: 0.1ms
[6.640s][info][gc,heap     ] GC(12) Eden regions: 2->0(2)
[6.640s][info][gc,heap     ] GC(12) Survivor regions: 1->1(1)
[6.640s][info][gc,heap     ] GC(12) Old regions: 49->50
[6.640s][info][gc,heap     ] GC(12) Archive regions: 0->0
[6.640s][info][gc,heap     ] GC(12) Humongous regions: 1->1
[6.640s][info][gc,metaspace] GC(12) Metaspace: 5793K(6016K)->5793K(6016K) NonClass: 5139K(5248K)->5139K(5248K) Class: 654K(768K)->654K(768K)
[6.640s][info][gc          ] GC(12) Pause Young (Concurrent Start) (G1 Evacuation Pause) 52M->51M(60M) 1.052ms
[6.640s][info][gc,cpu      ] GC(12) User=0.00s Sys=0.00s Real=0.00s
[6.640s][info][gc          ] GC(13) Concurrent Mark Cycle
[6.640s][info][gc,marking  ] GC(13) Concurrent Clear Claimed Marks
[6.640s][info][gc,marking  ] GC(13) Concurrent Clear Claimed Marks 0.010ms
[6.640s][info][gc,marking  ] GC(13) Concurrent Scan Root Regions
[6.640s][info][gc,marking  ] GC(13) Concurrent Scan Root Regions 0.063ms
[6.640s][info][gc,marking  ] GC(13) Concurrent Mark
[6.640s][info][gc,marking  ] GC(13) Concurrent Mark From Roots
[6.641s][info][gc,task     ] GC(13) Using 2 workers of 2 for marking
[6.643s][info][gc,marking  ] GC(13) Concurrent Mark From Roots 2.259ms
[6.643s][info][gc,marking  ] GC(13) Concurrent Preclean
[6.643s][info][gc,marking  ] GC(13) Concurrent Preclean 0.049ms
[6.643s][info][gc,start    ] GC(13) Pause Remark
[6.644s][info][gc          ] GC(13) Pause Remark 52M->52M(60M) 0.721ms
[6.644s][info][gc,cpu      ] GC(13) User=0.00s Sys=0.00s Real=0.00s
[6.644s][info][gc,marking  ] GC(13) Concurrent Mark 3.201ms
[6.644s][info][gc,marking  ] GC(13) Concurrent Rebuild Remembered Sets
[6.644s][info][gc,marking  ] GC(13) Concurrent Rebuild Remembered Sets 0.007ms
[6.644s][info][gc,start    ] GC(13) Pause Cleanup
[6.644s][info][gc          ] GC(13) Pause Cleanup 52M->52M(60M) 0.020ms
[6.644s][info][gc,cpu      ] GC(13) User=0.00s Sys=0.00s Real=0.00s
[6.644s][info][gc,marking  ] GC(13) Concurrent Cleanup for Next Mark
[6.644s][info][gc,marking  ] GC(13) Concurrent Cleanup for Next Mark 0.101ms
[6.644s][info][gc          ] GC(13) Concurrent Mark Cycle 3.568ms
[6.932s][info][gc,start    ] GC(14) Pause Young (Normal) (G1 Evacuation Pause)
[6.932s][info][gc,task     ] GC(14) Using 2 workers of 6 for evacuation
[6.933s][info][gc,phases   ] GC(14)   Pre Evacuate Collection Set: 0.1ms
[6.933s][info][gc,phases   ] GC(14)   Merge Heap Roots: 0.1ms
[6.933s][info][gc,phases   ] GC(14)   Evacuate Collection Set: 0.4ms
[6.933s][info][gc,phases   ] GC(14)   Post Evacuate Collection Set: 0.3ms
[6.933s][info][gc,phases   ] GC(14)   Other: 0.1ms
[6.933s][info][gc,heap     ] GC(14) Eden regions: 2->0(2)
[6.933s][info][gc,heap     ] GC(14) Survivor regions: 1->1(1)
[6.933s][info][gc,heap     ] GC(14) Old regions: 50->52
[6.933s][info][gc,heap     ] GC(14) Archive regions: 0->0
[6.933s][info][gc,heap     ] GC(14) Humongous regions: 1->1
[6.933s][info][gc,metaspace] GC(14) Metaspace: 5798K(6016K)->5798K(6016K) NonClass: 5143K(5248K)->5143K(5248K) Class: 654K(768K)->654K(768K)
[6.934s][info][gc          ] GC(14) Pause Young (Normal) (G1 Evacuation Pause) 53M->53M(60M) 1.127ms
[6.934s][info][gc,cpu      ] GC(14) User=0.00s Sys=0.00s Real=0.00s
[7.227s][info][gc,start    ] GC(15) Pause Young (Concurrent Start) (G1 Preventive Collection)
[7.227s][info][gc,task     ] GC(15) Using 2 workers of 6 for evacuation
[7.228s][info][gc,phases   ] GC(15)   Pre Evacuate Collection Set: 0.1ms
[7.228s][info][gc,phases   ] GC(15)   Merge Heap Roots: 0.1ms
[7.228s][info][gc,phases   ] GC(15)   Evacuate Collection Set: 0.4ms
[7.228s][info][gc,phases   ] GC(15)   Post Evacuate Collection Set: 0.3ms
[7.228s][info][gc,phases   ] GC(15)   Other: 0.1ms
[7.228s][info][gc,heap     ] GC(15) Eden regions: 2->0(2)
[7.228s][info][gc,heap     ] GC(15) Survivor regions: 1->1(1)
[7.228s][info][gc,heap     ] GC(15) Old regions: 52->54
[7.228s][info][gc,heap     ] GC(15) Archive regions: 0->0
[7.228s][info][gc,heap     ] GC(15) Humongous regions: 1->1
[7.228s][info][gc,metaspace] GC(15) Metaspace: 5798K(6016K)->5798K(6016K) NonClass: 5143K(5248K)->5143K(5248K) Class: 654K(768K)->654K(768K)
[7.228s][info][gc          ] GC(15) Pause Young (Concurrent Start) (G1 Preventive Collection) 55M->55M(60M) 0.981ms
[7.228s][info][gc,cpu      ] GC(15) User=0.00s Sys=0.00s Real=0.00s
[7.228s][info][gc          ] GC(16) Concurrent Mark Cycle
[7.228s][info][gc,marking  ] GC(16) Concurrent Clear Claimed Marks
[7.228s][info][gc,marking  ] GC(16) Concurrent Clear Claimed Marks 0.010ms
[7.228s][info][gc,marking  ] GC(16) Concurrent Scan Root Regions
[7.228s][info][gc,marking  ] GC(16) Concurrent Scan Root Regions 0.040ms
[7.228s][info][gc,marking  ] GC(16) Concurrent Mark
[7.228s][info][gc,marking  ] GC(16) Concurrent Mark From Roots
[7.228s][info][gc,task     ] GC(16) Using 2 workers of 2 for marking
[7.230s][info][gc,marking  ] GC(16) Concurrent Mark From Roots 2.027ms
[7.230s][info][gc,marking  ] GC(16) Concurrent Preclean
[7.230s][info][gc,marking  ] GC(16) Concurrent Preclean 0.065ms
[7.230s][info][gc,start    ] GC(16) Pause Remark
[7.232s][info][gc          ] GC(16) Pause Remark 55M->55M(60M) 1.469ms
[7.232s][info][gc,cpu      ] GC(16) User=0.00s Sys=0.00s Real=0.00s
[7.232s][info][gc,marking  ] GC(16) Concurrent Mark 3.760ms
[7.232s][info][gc,marking  ] GC(16) Concurrent Rebuild Remembered Sets
[7.233s][info][gc,marking  ] GC(16) Concurrent Rebuild Remembered Sets 0.958ms
[7.233s][info][gc,start    ] GC(16) Pause Cleanup
[7.233s][info][gc          ] GC(16) Pause Cleanup 55M->55M(60M) 0.086ms
[7.233s][info][gc,cpu      ] GC(16) User=0.00s Sys=0.00s Real=0.00s
[7.233s][info][gc,marking  ] GC(16) Concurrent Cleanup for Next Mark
[7.233s][info][gc,marking  ] GC(16) Concurrent Cleanup for Next Mark 0.117ms
[7.233s][info][gc          ] GC(16) Concurrent Mark Cycle 5.258ms
[7.367s][info][gc,start    ] GC(17) Pause Young (Normal) (G1 Preventive Collection)
[7.367s][info][gc,task     ] GC(17) Using 2 workers of 6 for evacuation
[7.367s][info][gc,phases   ] GC(17)   Pre Evacuate Collection Set: 0.1ms
[7.367s][info][gc,phases   ] GC(17)   Merge Heap Roots: 0.1ms
[7.367s][info][gc,phases   ] GC(17)   Evacuate Collection Set: 0.4ms
[7.367s][info][gc,phases   ] GC(17)   Post Evacuate Collection Set: 0.2ms
[7.367s][info][gc,phases   ] GC(17)   Other: 0.1ms
[7.367s][info][gc,heap     ] GC(17) Eden regions: 1->0(2)
[7.367s][info][gc,heap     ] GC(17) Survivor regions: 1->1(1)
[7.367s][info][gc,heap     ] GC(17) Old regions: 54->55
[7.367s][info][gc,heap     ] GC(17) Archive regions: 0->0
[7.367s][info][gc,heap     ] GC(17) Humongous regions: 1->1
[7.367s][info][gc,metaspace] GC(17) Metaspace: 5710K(6016K)->5710K(6016K) NonClass: 5076K(5248K)->5076K(5248K) Class: 634K(768K)->634K(768K)
[7.367s][info][gc          ] GC(17) Pause Young (Normal) (G1 Preventive Collection) 56M->56M(60M) 0.957ms
[7.367s][info][gc,cpu      ] GC(17) User=0.00s Sys=0.00s Real=0.00s
[7.475s][info][gc,heap,exit] Heap
[7.475s][info][gc,heap,exit]  garbage-first heap   total 61440K, used 58841K [0x00000000fc400000, 0x0000000100000000)
[7.475s][info][gc,heap,exit]   region size 1024K, 2 young (2048K), 1 survivors (1024K)
[7.475s][info][gc,heap,exit]  Metaspace       used 5712K, committed 6016K, reserved 1114112K
[7.475s][info][gc,heap,exit]   class space    used 634K, committed 768K, reserved 1048576K
