[0.012s][info][gc] Using G1
[0.014s][info][gc,init] Version: 17.0.9+11-LTS-201 (release)
[0.014s][info][gc,init] CPUs: 6 total, 6 available
[0.014s][info][gc,init] Memory: 16319M
[0.014s][info][gc,init] Large Page Support: Disabled
[0.014s][info][gc,init] NUMA Support: Disabled
[0.014s][info][gc,init] Compressed Oops: Enabled (32-bit)
[0.014s][info][gc,init] Heap Region Size: 1M
[0.014s][info][gc,init] Heap Min Capacity: 60M
[0.014s][info][gc,init] Heap Initial Capacity: 60M
[0.014s][info][gc,init] Heap Max Capacity: 60M
[0.014s][info][gc,init] Pre-touch: Disabled
[0.014s][info][gc,init] Parallel Workers: 6
[0.014s][info][gc,init] Concurrent Workers: 2
[0.014s][info][gc,init] Concurrent Refinement Workers: 6
[0.014s][info][gc,init] Periodic GC: Disabled
[0.022s][info][gc,metaspace] CDS archive(s) mapped at: [0x0000021259000000-0x0000021259bd0000-0x0000021259bd0000), size 12386304, SharedBaseAddress: 0x0000021259000000, ArchiveRelocationMode: 1.
[0.022s][info][gc,metaspace] Compressed class space mapped at: 0x000002125a000000-0x000002129a000000, reserved size: 1073741824
[0.022s][info][gc,metaspace] Narrow klass base: 0x0000021259000000, Narrow klass shift: 0, Narrow klass range: 0x100000000
[2.659s][info][gc,start    ] GC(0) Pause Young (Normal) (G1 Evacuation Pause)
[2.659s][info][gc,task     ] GC(0) Using 2 workers of 6 for evacuation
[2.666s][info][gc,phases   ] GC(0)   Pre Evacuate Collection Set: 0.1ms
[2.666s][info][gc,phases   ] GC(0)   Merge Heap Roots: 0.1ms
[2.666s][info][gc,phases   ] GC(0)   Evacuate Collection Set: 6.2ms
[2.666s][info][gc,phases   ] GC(0)   Post Evacuate Collection Set: 0.7ms
[2.666s][info][gc,phases   ] GC(0)   Other: 0.2ms
[2.666s][info][gc,heap     ] GC(0) Eden regions: 21->0(13)
[2.666s][info][gc,heap     ] GC(0) Survivor regions: 0->3(3)
[2.666s][info][gc,heap     ] GC(0) Old regions: 0->11
[2.666s][info][gc,heap     ] GC(0) Archive regions: 0->0
[2.666s][info][gc,heap     ] GC(0) Humongous regions: 1->1
[2.666s][info][gc,metaspace] GC(0) Metaspace: 5746K(6016K)->5746K(6016K) NonClass: 5093K(5248K)->5093K(5248K) Class: 652K(768K)->652K(768K)
[2.666s][info][gc          ] GC(0) Pause Young (Normal) (G1 Evacuation Pause) 21M->14M(60M) 7.276ms
[2.666s][info][gc,cpu      ] GC(0) User=0.02s Sys=0.00s Real=0.01s
[6.296s][info][gc,start    ] GC(1) Pause Young (Normal) (G1 Evacuation Pause)
[6.296s][info][gc,task     ] GC(1) Using 2 workers of 6 for evacuation
[6.300s][info][gc,phases   ] GC(1)   Pre Evacuate Collection Set: 0.1ms
[6.300s][info][gc,phases   ] GC(1)   Merge Heap Roots: 0.1ms
[6.300s][info][gc,phases   ] GC(1)   Evacuate Collection Set: 4.1ms
[6.300s][info][gc,phases   ] GC(1)   Post Evacuate Collection Set: 0.3ms
[6.301s][info][gc,phases   ] GC(1)   Other: 0.1ms
[6.301s][info][gc,heap     ] GC(1) Eden regions: 12->0(7)
[6.301s][info][gc,heap     ] GC(1) Survivor regions: 3->2(2)
[6.301s][info][gc,heap     ] GC(1) Old regions: 11->24
[6.301s][info][gc,heap     ] GC(1) Archive regions: 0->0
[6.301s][info][gc,heap     ] GC(1) Humongous regions: 1->1
[6.301s][info][gc,metaspace] GC(1) Metaspace: 5800K(6016K)->5800K(6016K) NonClass: 5146K(5248K)->5146K(5248K) Class: 654K(768K)->654K(768K)
[6.301s][info][gc          ] GC(1) Pause Young (Normal) (G1 Evacuation Pause) 26M->26M(60M) 4.837ms
[6.301s][info][gc,cpu      ] GC(1) User=0.00s Sys=0.00s Real=0.01s
[8.432s][info][gc,start    ] GC(2) Pause Young (Normal) (G1 Evacuation Pause)
[8.432s][info][gc,task     ] GC(2) Using 2 workers of 6 for evacuation
[8.434s][info][gc,phases   ] GC(2)   Pre Evacuate Collection Set: 0.1ms
[8.434s][info][gc,phases   ] GC(2)   Merge Heap Roots: 0.1ms
[8.434s][info][gc,phases   ] GC(2)   Evacuate Collection Set: 1.7ms
[8.434s][info][gc,phases   ] GC(2)   Post Evacuate Collection Set: 0.2ms
[8.434s][info][gc,phases   ] GC(2)   Other: 0.1ms
[8.434s][info][gc,heap     ] GC(2) Eden regions: 7->0(5)
[8.434s][info][gc,heap     ] GC(2) Survivor regions: 2->2(2)
[8.434s][info][gc,heap     ] GC(2) Old regions: 24->32
[8.434s][info][gc,heap     ] GC(2) Archive regions: 0->0
[8.435s][info][gc,heap     ] GC(2) Humongous regions: 1->1
[8.435s][info][gc,metaspace] GC(2) Metaspace: 5833K(6080K)->5833K(6080K) NonClass: 5176K(5312K)->5176K(5312K) Class: 656K(768K)->656K(768K)
[8.435s][info][gc          ] GC(2) Pause Young (Normal) (G1 Evacuation Pause) 33M->34M(60M) 2.285ms
[8.435s][info][gc,cpu      ] GC(2) User=0.00s Sys=0.00s Real=0.00s
[9.920s][info][gc,start    ] GC(3) Pause Young (Concurrent Start) (G1 Evacuation Pause)
[9.920s][info][gc,task     ] GC(3) Using 2 workers of 6 for evacuation
[9.921s][info][gc,phases   ] GC(3)   Pre Evacuate Collection Set: 0.1ms
[9.921s][info][gc,phases   ] GC(3)   Merge Heap Roots: 0.1ms
[9.921s][info][gc,phases   ] GC(3)   Evacuate Collection Set: 1.2ms
[9.921s][info][gc,phases   ] GC(3)   Post Evacuate Collection Set: 0.2ms
[9.921s][info][gc,phases   ] GC(3)   Other: 0.1ms
[9.921s][info][gc,heap     ] GC(3) Eden regions: 5->0(4)
[9.921s][info][gc,heap     ] GC(3) Survivor regions: 2->1(1)
[9.921s][info][gc,heap     ] GC(3) Old regions: 32->37
[9.921s][info][gc,heap     ] GC(3) Archive regions: 0->0
[9.921s][info][gc,heap     ] GC(3) Humongous regions: 1->1
[9.921s][info][gc,metaspace] GC(3) Metaspace: 5838K(6080K)->5838K(6080K) NonClass: 5181K(5312K)->5181K(5312K) Class: 656K(768K)->656K(768K)
[9.921s][info][gc          ] GC(3) Pause Young (Concurrent Start) (G1 Evacuation Pause) 39M->38M(60M) 1.790ms
[9.921s][info][gc,cpu      ] GC(3) User=0.00s Sys=0.00s Real=0.00s
[9.921s][info][gc          ] GC(4) Concurrent Mark Cycle
[9.921s][info][gc,marking  ] GC(4) Concurrent Clear Claimed Marks
[9.921s][info][gc,marking  ] GC(4) Concurrent Clear Claimed Marks 0.012ms
[9.921s][info][gc,marking  ] GC(4) Concurrent Scan Root Regions
[9.922s][info][gc,marking  ] GC(4) Concurrent Scan Root Regions 0.217ms
[9.922s][info][gc,marking  ] GC(4) Concurrent Mark
[9.922s][info][gc,marking  ] GC(4) Concurrent Mark From Roots
[9.922s][info][gc,task     ] GC(4) Using 2 workers of 2 for marking
[9.924s][info][gc,marking  ] GC(4) Concurrent Mark From Roots 2.252ms
[9.924s][info][gc,marking  ] GC(4) Concurrent Preclean
[9.924s][info][gc,marking  ] GC(4) Concurrent Preclean 0.051ms
[9.924s][info][gc,start    ] GC(4) Pause Remark
[9.925s][info][gc          ] GC(4) Pause Remark 38M->38M(60M) 0.767ms
[9.925s][info][gc,cpu      ] GC(4) User=0.00s Sys=0.00s Real=0.00s
[9.925s][info][gc,marking  ] GC(4) Concurrent Mark 3.205ms
[9.925s][info][gc,marking  ] GC(4) Concurrent Rebuild Remembered Sets
[9.926s][info][gc,marking  ] GC(4) Concurrent Rebuild Remembered Sets 1.115ms
[9.926s][info][gc,start    ] GC(4) Pause Cleanup
[9.926s][info][gc          ] GC(4) Pause Cleanup 38M->38M(60M) 0.094ms
[9.926s][info][gc,cpu      ] GC(4) User=0.00s Sys=0.00s Real=0.00s
[9.926s][info][gc,marking  ] GC(4) Concurrent Cleanup for Next Mark
[9.927s][info][gc,marking  ] GC(4) Concurrent Cleanup for Next Mark 0.353ms
[9.927s][info][gc          ] GC(4) Concurrent Mark Cycle 5.204ms
[11.098s][info][gc,start    ] GC(5) Pause Young (Prepare Mixed) (G1 Evacuation Pause)
[11.098s][info][gc,task     ] GC(5) Using 2 workers of 6 for evacuation
[11.100s][info][gc,phases   ] GC(5)   Pre Evacuate Collection Set: 0.1ms
[11.100s][info][gc,phases   ] GC(5)   Merge Heap Roots: 0.0ms
[11.100s][info][gc,phases   ] GC(5)   Evacuate Collection Set: 0.9ms
[11.100s][info][gc,phases   ] GC(5)   Post Evacuate Collection Set: 0.3ms
[11.100s][info][gc,phases   ] GC(5)   Other: 0.1ms
[11.100s][info][gc,heap     ] GC(5) Eden regions: 4->0(2)
[11.100s][info][gc,heap     ] GC(5) Survivor regions: 1->1(1)
[11.100s][info][gc,heap     ] GC(5) Old regions: 37->41
[11.100s][info][gc,heap     ] GC(5) Archive regions: 0->0
[11.100s][info][gc,heap     ] GC(5) Humongous regions: 1->1
[11.100s][info][gc,metaspace] GC(5) Metaspace: 5841K(6080K)->5841K(6080K) NonClass: 5184K(5312K)->5184K(5312K) Class: 656K(768K)->656K(768K)
[11.100s][info][gc          ] GC(5) Pause Young (Prepare Mixed) (G1 Evacuation Pause) 42M->42M(60M) 1.474ms
[11.100s][info][gc,cpu      ] GC(5) User=0.00s Sys=0.00s Real=0.00s
[11.685s][info][gc,start    ] GC(6) Pause Young (Mixed) (G1 Evacuation Pause)
[11.685s][info][gc,task     ] GC(6) Using 2 workers of 6 for evacuation
[11.686s][info][gc,phases   ] GC(6)   Pre Evacuate Collection Set: 0.1ms
[11.686s][info][gc,phases   ] GC(6)   Merge Heap Roots: 0.1ms
[11.686s][info][gc,phases   ] GC(6)   Evacuate Collection Set: 0.5ms
[11.686s][info][gc,phases   ] GC(6)   Post Evacuate Collection Set: 0.3ms
[11.686s][info][gc,phases   ] GC(6)   Other: 0.1ms
[11.686s][info][gc,heap     ] GC(6) Eden regions: 2->0(2)
[11.686s][info][gc,heap     ] GC(6) Survivor regions: 1->1(1)
[11.686s][info][gc,heap     ] GC(6) Old regions: 41->43
[11.686s][info][gc,heap     ] GC(6) Archive regions: 0->0
[11.686s][info][gc,heap     ] GC(6) Humongous regions: 1->1
[11.686s][info][gc,metaspace] GC(6) Metaspace: 5849K(6080K)->5849K(6080K) NonClass: 5192K(5312K)->5192K(5312K) Class: 656K(768K)->656K(768K)
[11.686s][info][gc          ] GC(6) Pause Young (Mixed) (G1 Evacuation Pause) 44M->44M(60M) 1.152ms
[11.686s][info][gc,cpu      ] GC(6) User=0.00s Sys=0.00s Real=0.00s
[12.276s][info][gc,start    ] GC(7) Pause Young (Concurrent Start) (G1 Evacuation Pause)
[12.276s][info][gc,task     ] GC(7) Using 2 workers of 6 for evacuation
[12.277s][info][gc,phases   ] GC(7)   Pre Evacuate Collection Set: 0.0ms
[12.277s][info][gc,phases   ] GC(7)   Merge Heap Roots: 0.0ms
[12.277s][info][gc,phases   ] GC(7)   Evacuate Collection Set: 0.5ms
[12.277s][info][gc,phases   ] GC(7)   Post Evacuate Collection Set: 0.2ms
[12.277s][info][gc,phases   ] GC(7)   Other: 0.1ms
[12.277s][info][gc,heap     ] GC(7) Eden regions: 2->0(2)
[12.277s][info][gc,heap     ] GC(7) Survivor regions: 1->1(1)
[12.277s][info][gc,heap     ] GC(7) Old regions: 43->45
[12.277s][info][gc,heap     ] GC(7) Archive regions: 0->0
[12.277s][info][gc,heap     ] GC(7) Humongous regions: 1->1
[12.277s][info][gc,metaspace] GC(7) Metaspace: 5853K(6080K)->5853K(6080K) NonClass: 5196K(5312K)->5196K(5312K) Class: 656K(768K)->656K(768K)
[12.277s][info][gc          ] GC(7) Pause Young (Concurrent Start) (G1 Evacuation Pause) 46M->46M(60M) 0.978ms
[12.277s][info][gc,cpu      ] GC(7) User=0.00s Sys=0.00s Real=0.00s
[12.277s][info][gc          ] GC(8) Concurrent Mark Cycle
[12.277s][info][gc,marking  ] GC(8) Concurrent Clear Claimed Marks
[12.277s][info][gc,marking  ] GC(8) Concurrent Clear Claimed Marks 0.012ms
[12.277s][info][gc,marking  ] GC(8) Concurrent Scan Root Regions
[12.277s][info][gc,marking  ] GC(8) Concurrent Scan Root Regions 0.141ms
[12.277s][info][gc,marking  ] GC(8) Concurrent Mark
[12.277s][info][gc,marking  ] GC(8) Concurrent Mark From Roots
[12.277s][info][gc,task     ] GC(8) Using 2 workers of 2 for marking
[12.279s][info][gc,marking  ] GC(8) Concurrent Mark From Roots 2.458ms
[12.279s][info][gc,marking  ] GC(8) Concurrent Preclean
[12.280s][info][gc,marking  ] GC(8) Concurrent Preclean 0.065ms
[12.280s][info][gc,start    ] GC(8) Pause Remark
[12.281s][info][gc          ] GC(8) Pause Remark 46M->46M(60M) 0.883ms
[12.281s][info][gc,cpu      ] GC(8) User=0.00s Sys=0.00s Real=0.00s
[12.281s][info][gc,marking  ] GC(8) Concurrent Mark 3.706ms
[12.281s][info][gc,marking  ] GC(8) Concurrent Rebuild Remembered Sets
[12.282s][info][gc,marking  ] GC(8) Concurrent Rebuild Remembered Sets 1.146ms
[12.282s][info][gc,start    ] GC(8) Pause Cleanup
[12.282s][info][gc          ] GC(8) Pause Cleanup 46M->46M(60M) 0.113ms
[12.282s][info][gc,cpu      ] GC(8) User=0.00s Sys=0.00s Real=0.00s
[12.282s][info][gc,marking  ] GC(8) Concurrent Cleanup for Next Mark
[12.282s][info][gc,marking  ] GC(8) Concurrent Cleanup for Next Mark 0.238ms
[12.282s][info][gc          ] GC(8) Concurrent Mark Cycle 5.634ms
[12.868s][info][gc,start    ] GC(9) Pause Young (Normal) (G1 Evacuation Pause)
[12.868s][info][gc,task     ] GC(9) Using 2 workers of 6 for evacuation
[12.868s][info][gc,phases   ] GC(9)   Pre Evacuate Collection Set: 0.0ms
[12.868s][info][gc,phases   ] GC(9)   Merge Heap Roots: 0.0ms
[12.868s][info][gc,phases   ] GC(9)   Evacuate Collection Set: 0.4ms
[12.868s][info][gc,phases   ] GC(9)   Post Evacuate Collection Set: 0.1ms
[12.868s][info][gc,phases   ] GC(9)   Other: 0.1ms
[12.868s][info][gc,heap     ] GC(9) Eden regions: 2->0(2)
[12.868s][info][gc,heap     ] GC(9) Survivor regions: 1->1(1)
[12.868s][info][gc,heap     ] GC(9) Old regions: 45->47
[12.868s][info][gc,heap     ] GC(9) Archive regions: 0->0
[12.868s][info][gc,heap     ] GC(9) Humongous regions: 1->1
[12.869s][info][gc,metaspace] GC(9) Metaspace: 5853K(6080K)->5853K(6080K) NonClass: 5196K(5312K)->5196K(5312K) Class: 656K(768K)->656K(768K)
[12.869s][info][gc          ] GC(9) Pause Young (Normal) (G1 Evacuation Pause) 48M->48M(60M) 0.744ms
[12.869s][info][gc,cpu      ] GC(9) User=0.00s Sys=0.00s Real=0.00s
[13.367s][info][gc,start    ] GC(10) Pause Young (Concurrent Start) (G1 Evacuation Pause)
[13.368s][info][gc,task     ] GC(10) Using 2 workers of 6 for evacuation
[13.368s][info][gc,phases   ] GC(10)   Pre Evacuate Collection Set: 0.1ms
[13.368s][info][gc,phases   ] GC(10)   Merge Heap Roots: 0.1ms
[13.368s][info][gc,phases   ] GC(10)   Evacuate Collection Set: 0.3ms
[13.368s][info][gc,phases   ] GC(10)   Post Evacuate Collection Set: 0.3ms
[13.368s][info][gc,phases   ] GC(10)   Other: 0.1ms
[13.368s][info][gc,heap     ] GC(10) Eden regions: 2->0(2)
[13.368s][info][gc,heap     ] GC(10) Survivor regions: 1->1(1)
[13.368s][info][gc,heap     ] GC(10) Old regions: 47->49
[13.368s][info][gc,heap     ] GC(10) Archive regions: 0->0
[13.368s][info][gc,heap     ] GC(10) Humongous regions: 1->1
[13.369s][info][gc,metaspace] GC(10) Metaspace: 5856K(6080K)->5856K(6080K) NonClass: 5199K(5312K)->5199K(5312K) Class: 656K(768K)->656K(768K)
[13.369s][info][gc          ] GC(10) Pause Young (Concurrent Start) (G1 Evacuation Pause) 50M->50M(60M) 1.025ms
[13.369s][info][gc,cpu      ] GC(10) User=0.00s Sys=0.00s Real=0.00s
[13.369s][info][gc          ] GC(11) Concurrent Mark Cycle
[13.369s][info][gc,marking  ] GC(11) Concurrent Clear Claimed Marks
[13.369s][info][gc,marking  ] GC(11) Concurrent Clear Claimed Marks 0.010ms
[13.369s][info][gc,marking  ] GC(11) Concurrent Scan Root Regions
[13.369s][info][gc,marking  ] GC(11) Concurrent Scan Root Regions 0.086ms
[13.369s][info][gc,marking  ] GC(11) Concurrent Mark
[13.369s][info][gc,marking  ] GC(11) Concurrent Mark From Roots
[13.369s][info][gc,task     ] GC(11) Using 2 workers of 2 for marking
[13.371s][info][gc,marking  ] GC(11) Concurrent Mark From Roots 2.131ms
[13.371s][info][gc,marking  ] GC(11) Concurrent Preclean
[13.371s][info][gc,marking  ] GC(11) Concurrent Preclean 0.069ms
[13.371s][info][gc,start    ] GC(11) Pause Remark
[13.373s][info][gc          ] GC(11) Pause Remark 50M->50M(60M) 1.494ms
[13.373s][info][gc,cpu      ] GC(11) User=0.00s Sys=0.00s Real=0.00s
[13.373s][info][gc,marking  ] GC(11) Concurrent Mark 3.927ms
[13.373s][info][gc,marking  ] GC(11) Concurrent Rebuild Remembered Sets
[13.374s][info][gc,marking  ] GC(11) Concurrent Rebuild Remembered Sets 1.015ms
[13.374s][info][gc,start    ] GC(11) Pause Cleanup
[13.374s][info][gc          ] GC(11) Pause Cleanup 50M->50M(60M) 0.097ms
[13.374s][info][gc,cpu      ] GC(11) User=0.00s Sys=0.00s Real=0.00s
[13.374s][info][gc,marking  ] GC(11) Concurrent Cleanup for Next Mark
[13.374s][info][gc,marking  ] GC(11) Concurrent Cleanup for Next Mark 0.142ms
[13.374s][info][gc          ] GC(11) Concurrent Mark Cycle 5.558ms
[13.763s][info][gc,start    ] GC(12) Pause Young (Normal) (G1 Evacuation Pause)
[13.763s][info][gc,task     ] GC(12) Using 2 workers of 6 for evacuation
[13.763s][info][gc,phases   ] GC(12)   Pre Evacuate Collection Set: 0.1ms
[13.763s][info][gc,phases   ] GC(12)   Merge Heap Roots: 0.1ms
[13.764s][info][gc,phases   ] GC(12)   Evacuate Collection Set: 0.5ms
[13.764s][info][gc,phases   ] GC(12)   Post Evacuate Collection Set: 0.1ms
[13.764s][info][gc,phases   ] GC(12)   Other: 0.1ms
[13.764s][info][gc,heap     ] GC(12) Eden regions: 2->0(2)
[13.764s][info][gc,heap     ] GC(12) Survivor regions: 1->1(1)
[13.764s][info][gc,heap     ] GC(12) Old regions: 49->51
[13.764s][info][gc,heap     ] GC(12) Archive regions: 0->0
[13.764s][info][gc,heap     ] GC(12) Humongous regions: 1->1
[13.764s][info][gc,metaspace] GC(12) Metaspace: 5769K(6080K)->5769K(6080K) NonClass: 5132K(5312K)->5132K(5312K) Class: 637K(768K)->637K(768K)
[13.764s][info][gc          ] GC(12) Pause Young (Normal) (G1 Evacuation Pause) 52M->52M(60M) 1.039ms
[13.764s][info][gc,cpu      ] GC(12) User=0.00s Sys=0.00s Real=0.00s
[14.154s][info][gc,start    ] GC(13) Pause Young (Concurrent Start) (G1 Preventive Collection)
[14.154s][info][gc,task     ] GC(13) Using 2 workers of 6 for evacuation
[14.155s][info][gc,phases   ] GC(13)   Pre Evacuate Collection Set: 0.0ms
[14.155s][info][gc,phases   ] GC(13)   Merge Heap Roots: 0.0ms
[14.155s][info][gc,phases   ] GC(13)   Evacuate Collection Set: 0.3ms
[14.155s][info][gc,phases   ] GC(13)   Post Evacuate Collection Set: 0.1ms
[14.155s][info][gc,phases   ] GC(13)   Other: 0.1ms
[14.155s][info][gc,heap     ] GC(13) Eden regions: 2->0(2)
[14.155s][info][gc,heap     ] GC(13) Survivor regions: 1->1(1)
[14.155s][info][gc,heap     ] GC(13) Old regions: 51->52
[14.155s][info][gc,heap     ] GC(13) Archive regions: 0->0
[14.155s][info][gc,heap     ] GC(13) Humongous regions: 1->1
[14.155s][info][gc,metaspace] GC(13) Metaspace: 5769K(6080K)->5769K(6080K) NonClass: 5132K(5312K)->5132K(5312K) Class: 637K(768K)->637K(768K)
[14.155s][info][gc          ] GC(13) Pause Young (Concurrent Start) (G1 Preventive Collection) 53M->53M(60M) 0.664ms
[14.155s][info][gc,cpu      ] GC(13) User=0.00s Sys=0.00s Real=0.00s
[14.155s][info][gc          ] GC(14) Concurrent Mark Cycle
[14.155s][info][gc,marking  ] GC(14) Concurrent Clear Claimed Marks
[14.155s][info][gc,marking  ] GC(14) Concurrent Clear Claimed Marks 0.010ms
[14.155s][info][gc,marking  ] GC(14) Concurrent Scan Root Regions
[14.155s][info][gc,marking  ] GC(14) Concurrent Scan Root Regions 0.015ms
[14.155s][info][gc,marking  ] GC(14) Concurrent Mark
[14.155s][info][gc,marking  ] GC(14) Concurrent Mark From Roots
[14.155s][info][gc,task     ] GC(14) Using 2 workers of 2 for marking
[14.157s][info][gc,marking  ] GC(14) Concurrent Mark From Roots 2.094ms
[14.157s][info][gc,marking  ] GC(14) Concurrent Preclean
[14.157s][info][gc,marking  ] GC(14) Concurrent Preclean 0.064ms
[14.157s][info][gc,start    ] GC(14) Pause Remark
[14.158s][info][gc          ] GC(14) Pause Remark 54M->54M(60M) 0.619ms
[14.158s][info][gc,cpu      ] GC(14) User=0.00s Sys=0.00s Real=0.00s
[14.158s][info][gc,marking  ] GC(14) Concurrent Mark 2.963ms
[14.158s][info][gc,marking  ] GC(14) Concurrent Rebuild Remembered Sets
[14.158s][info][gc,marking  ] GC(14) Concurrent Rebuild Remembered Sets 0.008ms
[14.158s][info][gc,start    ] GC(14) Pause Cleanup
[14.158s][info][gc          ] GC(14) Pause Cleanup 54M->54M(60M) 0.011ms
[14.158s][info][gc,cpu      ] GC(14) User=0.00s Sys=0.00s Real=0.00s
[14.158s][info][gc,marking  ] GC(14) Concurrent Cleanup for Next Mark
[14.158s][info][gc,marking  ] GC(14) Concurrent Cleanup for Next Mark 0.121ms
[14.158s][info][gc          ] GC(14) Concurrent Mark Cycle 3.266ms
[14.545s][info][gc,start    ] GC(15) Pause Young (Normal) (G1 Preventive Collection)
[14.545s][info][gc,task     ] GC(15) Using 2 workers of 6 for evacuation
[14.546s][info][gc,phases   ] GC(15)   Pre Evacuate Collection Set: 0.1ms
[14.546s][info][gc,phases   ] GC(15)   Merge Heap Roots: 0.1ms
[14.546s][info][gc,phases   ] GC(15)   Evacuate Collection Set: 0.4ms
[14.546s][info][gc,phases   ] GC(15)   Post Evacuate Collection Set: 0.3ms
[14.546s][info][gc,phases   ] GC(15)   Other: 0.1ms
[14.546s][info][gc,heap     ] GC(15) Eden regions: 2->0(2)
[14.546s][info][gc,heap     ] GC(15) Survivor regions: 1->1(1)
[14.546s][info][gc,heap     ] GC(15) Old regions: 52->54
[14.546s][info][gc,heap     ] GC(15) Archive regions: 0->0
[14.546s][info][gc,heap     ] GC(15) Humongous regions: 1->1
[14.546s][info][gc,metaspace] GC(15) Metaspace: 5803K(6144K)->5803K(6144K) NonClass: 5166K(5376K)->5166K(5376K) Class: 637K(768K)->637K(768K)
[14.546s][info][gc          ] GC(15) Pause Young (Normal) (G1 Preventive Collection) 55M->55M(60M) 1.116ms
[14.547s][info][gc,cpu      ] GC(15) User=0.00s Sys=0.00s Real=0.00s
[14.734s][info][gc,start    ] GC(16) Pause Young (Concurrent Start) (G1 Preventive Collection)
[14.734s][info][gc,task     ] GC(16) Using 2 workers of 6 for evacuation
[14.735s][info][gc,phases   ] GC(16)   Pre Evacuate Collection Set: 0.1ms
[14.735s][info][gc,phases   ] GC(16)   Merge Heap Roots: 0.1ms
[14.735s][info][gc,phases   ] GC(16)   Evacuate Collection Set: 0.3ms
[14.735s][info][gc,phases   ] GC(16)   Post Evacuate Collection Set: 0.3ms
[14.735s][info][gc,phases   ] GC(16)   Other: 0.1ms
[14.735s][info][gc,heap     ] GC(16) Eden regions: 1->0(2)
[14.735s][info][gc,heap     ] GC(16) Survivor regions: 1->1(1)
[14.735s][info][gc,heap     ] GC(16) Old regions: 54->55
[14.735s][info][gc,heap     ] GC(16) Archive regions: 0->0
[14.735s][info][gc,heap     ] GC(16) Humongous regions: 1->1
[14.735s][info][gc,metaspace] GC(16) Metaspace: 5803K(6144K)->5803K(6144K) NonClass: 5166K(5376K)->5166K(5376K) Class: 637K(768K)->637K(768K)
[14.735s][info][gc          ] GC(16) Pause Young (Concurrent Start) (G1 Preventive Collection) 56M->56M(60M) 0.949ms
[14.735s][info][gc,cpu      ] GC(16) User=0.00s Sys=0.00s Real=0.00s
[14.735s][info][gc          ] GC(17) Concurrent Mark Cycle
[14.735s][info][gc,marking  ] GC(17) Concurrent Clear Claimed Marks
[14.735s][info][gc,marking  ] GC(17) Concurrent Clear Claimed Marks 0.009ms
[14.735s][info][gc,marking  ] GC(17) Concurrent Scan Root Regions
[14.735s][info][gc,marking  ] GC(17) Concurrent Scan Root Regions 0.102ms
[14.735s][info][gc,marking  ] GC(17) Concurrent Mark
[14.735s][info][gc,marking  ] GC(17) Concurrent Mark From Roots
[14.735s][info][gc,task     ] GC(17) Using 2 workers of 2 for marking
[14.737s][info][gc,marking  ] GC(17) Concurrent Mark From Roots 2.067ms
[14.737s][info][gc,marking  ] GC(17) Concurrent Preclean
[14.737s][info][gc,marking  ] GC(17) Concurrent Preclean 0.046ms
[14.737s][info][gc,start    ] GC(17) Pause Remark
[14.738s][info][gc          ] GC(17) Pause Remark 56M->56M(60M) 0.839ms
[14.738s][info][gc,cpu      ] GC(17) User=0.00s Sys=0.00s Real=0.00s
[14.738s][info][gc,marking  ] GC(17) Concurrent Mark 3.174ms
[14.738s][info][gc,marking  ] GC(17) Concurrent Rebuild Remembered Sets
[14.738s][info][gc,marking  ] GC(17) Concurrent Rebuild Remembered Sets 0.008ms
[14.738s][info][gc,start    ] GC(17) Pause Cleanup
[14.738s][info][gc          ] GC(17) Pause Cleanup 56M->56M(60M) 0.011ms
[14.738s][info][gc,cpu      ] GC(17) User=0.00s Sys=0.00s Real=0.00s
[14.738s][info][gc,marking  ] GC(17) Concurrent Cleanup for Next Mark
[14.738s][info][gc,marking  ] GC(17) Concurrent Cleanup for Next Mark 0.153ms
[14.738s][info][gc          ] GC(17) Concurrent Mark Cycle 3.692ms
[14.860s][info][gc,heap,exit] Heap
[14.860s][info][gc,heap,exit]  garbage-first heap   total 61440K, used 58800K [0x00000000fc400000, 0x0000000100000000)
[14.860s][info][gc,heap,exit]   region size 1024K, 2 young (2048K), 1 survivors (1024K)
[14.860s][info][gc,heap,exit]  Metaspace       used 5803K, committed 6144K, reserved 1114112K
[14.860s][info][gc,heap,exit]   class space    used 637K, committed 768K, reserved 1048576K
